C:\Users\20232754\Huawei-italy\research\vecfit.py:26: UserWarning: The fitted network is passive, but the vector fit is not passive. Consider running `passivity_enforce()` to enforce passivity before using this model.
  vf.vector_fit(n_poles_real=n_real, n_poles_cmplx=n_cmplx, init_pole_spacing='lin')
seed0 active   n= 30  relL2=0.0434  S11dB=0.426  (1.3s)
C:\Users\20232754\AppData\Local\Programs\Python\Python311\Lib\site-packages\sklearn\gaussian_process\kernels.py:452: ConvergenceWarning: The optimal value found for dimension 1 of parameter k1__k2__length_scale is close to the specified upper bound 1000.0. Increasing the bound and calling fit again may find a better value.
  warnings.warn(
C:\Users\20232754\AppData\Local\Programs\Python\Python311\Lib\site-packages\sklearn\gaussian_process\kernels.py:452: ConvergenceWarning: The optimal value found for dimension 2 of parameter k1__k2__length_scale is close to the specified upper bound 1000.0. Increasing the bound and calling fit again may find a better value.
  warnings.warn(
seed0 active   n= 45  relL2=0.0390  S11dB=0.386  (3.9s)
C:\Users\20232754\AppData\Local\Programs\Python\Python311\Lib\site-packages\sklearn\gaussian_process\kernels.py:452: ConvergenceWarning: The optimal value found for dimension 2 of parameter k1__k2__length_scale is close to the specified upper bound 1000.0. Increasing the bound and calling fit again may find a better value.
  warnings.warn(
seed0 active   n= 60  relL2=0.0331  S11dB=0.360  (5.2s)
C:\Users\20232754\AppData\Local\Programs\Python\Python311\Lib\site-packages\sklearn\gaussian_process\kernels.py:452: ConvergenceWarning: The optimal value found for dimension 1 of parameter k1__k2__length_scale is close to the specified upper bound 1000.0. Increasing the bound and calling fit again may find a better value.
  warnings.warn(
C:\Users\20232754\AppData\Local\Programs\Python\Python311\Lib\site-packages\sklearn\gaussian_process\kernels.py:452: ConvergenceWarning: The optimal value found for dimension 2 of parameter k1__k2__length_scale is close to the specified upper bound 1000.0. Increasing the bound and calling fit again may find a better value.
  warnings.warn(
C:\Users\20232754\AppData\Local\Programs\Python\Python311\Lib\site-packages\sklearn\gaussian_process\kernels.py:452: ConvergenceWarning: The optimal value found for dimension 3 of parameter k1__k2__length_scale is close to the specified upper bound 1000.0. Increasing the bound and calling fit again may find a better value.
  warnings.warn(
seed0 active   n= 75  relL2=0.0228  S11dB=0.288  (5.3s)
C:\Users\20232754\AppData\Local\Programs\Python\Python311\Lib\site-packages\sklearn\gaussian_process\kernels.py:452: ConvergenceWarning: The optimal value found for dimension 1 of parameter k1__k2__length_scale is close to the specified upper bound 1000.0. Increasing the bound and calling fit again may find a better value.
  warnings.warn(
C:\Users\20232754\AppData\Local\Programs\Python\Python311\Lib\site-packages\sklearn\gaussian_process\kernels.py:452: ConvergenceWarning: The optimal value found for dimension 2 of parameter k1__k2__length_scale is close to the specified upper bound 1000.0. Increasing the bound and calling fit again may find a better value.
  warnings.warn(
C:\Users\20232754\AppData\Local\Programs\Python\Python311\Lib\site-packages\sklearn\gaussian_process\kernels.py:452: ConvergenceWarning: The optimal value found for dimension 3 of parameter k1__k2__length_scale is close to the specified upper bound 1000.0. Increasing the bound and calling fit again may find a better value.
  warnings.warn(
C:\Users\20232754\AppData\Local\Programs\Python\Python311\Lib\site-packages\sklearn\gaussian_process\kernels.py:452: ConvergenceWarning: The optimal value found for dimension 6 of parameter k1__k2__length_scale is close to the specified upper bound 1000.0. Increasing the bound and calling fit again may find a better value.
  warnings.warn(
seed0 active   n= 90  relL2=0.0200  S11dB=0.255  (7.3s)
C:\Users\20232754\AppData\Local\Programs\Python\Python311\Lib\site-packages\sklearn\gaussian_process\kernels.py:452: ConvergenceWarning: The optimal value found for dimension 1 of parameter k1__k2__length_scale is close to the specified upper bound 1000.0. Increasing the bound and calling fit again may find a better value.
  warnings.warn(
C:\Users\20232754\AppData\Local\Programs\Python\Python311\Lib\site-packages\sklearn\gaussian_process\kernels.py:452: ConvergenceWarning: The optimal value found for dimension 2 of parameter k1__k2__length_scale is close to the specified upper bound 1000.0. Increasing the bound and calling fit again may find a better value.
  warnings.warn(
C:\Users\20232754\AppData\Local\Programs\Python\Python311\Lib\site-packages\sklearn\gaussian_process\kernels.py:452: ConvergenceWarning: The optimal value found for dimension 3 of parameter k1__k2__length_scale is close to the specified upper bound 1000.0. Increasing the bound and calling fit again may find a better value.
  warnings.warn(
C:\Users\20232754\AppData\Local\Programs\Python\Python311\Lib\site-packages\sklearn\gaussian_process\kernels.py:452: ConvergenceWarning: The optimal value found for dimension 6 of parameter k1__k2__length_scale is close to the specified upper bound 1000.0. Increasing the bound and calling fit again may find a better value.
  warnings.warn(
seed0 active   n=105  relL2=0.0189  S11dB=0.248  (10.1s)
C:\Users\20232754\AppData\Local\Programs\Python\Python311\Lib\site-packages\sklearn\gaussian_process\kernels.py:452: ConvergenceWarning: The optimal value found for dimension 1 of parameter k1__k2__length_scale is close to the specified upper bound 1000.0. Increasing the bound and calling fit again may find a better value.
  warnings.warn(
C:\Users\20232754\AppData\Local\Programs\Python\Python311\Lib\site-packages\sklearn\gaussian_process\kernels.py:452: ConvergenceWarning: The optimal value found for dimension 3 of parameter k1__k2__length_scale is close to the specified upper bound 1000.0. Increasing the bound and calling fit again may find a better value.
  warnings.warn(
seed0 active   n=120  relL2=0.0181  S11dB=0.242  (12.2s)
C:\Users\20232754\AppData\Local\Programs\Python\Python311\Lib\site-packages\sklearn\gaussian_process\kernels.py:452: ConvergenceWarning: The optimal value found for dimension 1 of parameter k1__k2__length_scale is close to the specified upper bound 1000.0. Increasing the bound and calling fit again may find a better value.
  warnings.warn(
C:\Users\20232754\AppData\Local\Programs\Python\Python311\Lib\site-packages\sklearn\gaussian_process\kernels.py:452: ConvergenceWarning: The optimal value found for dimension 2 of parameter k1__k2__length_scale is close to the specified upper bound 1000.0. Increasing the bound and calling fit again may find a better value.
  warnings.warn(
C:\Users\20232754\AppData\Local\Programs\Python\Python311\Lib\site-packages\sklearn\gaussian_process\kernels.py:452: ConvergenceWarning: The optimal value found for dimension 3 of parameter k1__k2__length_scale is close to the specified upper bound 1000.0. Increasing the bound and calling fit again may find a better value.
  warnings.warn(
seed0 active   n=135  relL2=0.0179  S11dB=0.240  (14.6s)
C:\Users\20232754\AppData\Local\Programs\Python\Python311\Lib\site-packages\sklearn\gaussian_process\kernels.py:452: ConvergenceWarning: The optimal value found for dimension 1 of parameter k1__k2__length_scale is close to the specified upper bound 1000.0. Increasing the bound and calling fit again may find a better value.
  warnings.warn(
C:\Users\20232754\AppData\Local\Programs\Python\Python311\Lib\site-packages\sklearn\gaussian_process\kernels.py:452: ConvergenceWarning: The optimal value found for dimension 2 of parameter k1__k2__length_scale is close to the specified upper bound 1000.0. Increasing the bound and calling fit again may find a better value.
  warnings.warn(
C:\Users\20232754\AppData\Local\Programs\Python\Python311\Lib\site-packages\sklearn\gaussian_process\kernels.py:452: ConvergenceWarning: The optimal value found for dimension 3 of parameter k1__k2__length_scale is close to the specified upper bound 1000.0. Increasing the bound and calling fit again may find a better value.
  warnings.warn(
seed0 active   n=150  relL2=0.0172  S11dB=0.231  (19.2s)
C:\Users\20232754\AppData\Local\Programs\Python\Python311\Lib\site-packages\sklearn\gaussian_process\kernels.py:452: ConvergenceWarning: The optimal value found for dimension 1 of parameter k1__k2__length_scale is close to the specified upper bound 1000.0. Increasing the bound and calling fit again may find a better value.
  warnings.warn(
C:\Users\20232754\AppData\Local\Programs\Python\Python311\Lib\site-packages\sklearn\gaussian_process\kernels.py:452: ConvergenceWarning: The optimal value found for dimension 2 of parameter k1__k2__length_scale is close to the specified upper bound 1000.0. Increasing the bound and calling fit again may find a better value.
  warnings.warn(
C:\Users\20232754\AppData\Local\Programs\Python\Python311\Lib\site-packages\sklearn\gaussian_process\kernels.py:452: ConvergenceWarning: The optimal value found for dimension 3 of parameter k1__k2__length_scale is close to the specified upper bound 1000.0. Increasing the bound and calling fit again may find a better value.
  warnings.warn(
seed0 active   n=165  relL2=0.0170  S11dB=0.226  (22.7s)
C:\Users\20232754\AppData\Local\Programs\Python\Python311\Lib\site-packages\sklearn\gaussian_process\kernels.py:452: ConvergenceWarning: The optimal value found for dimension 2 of parameter k1__k2__length_scale is close to the specified upper bound 1000.0. Increasing the bound and calling fit again may find a better value.
  warnings.warn(
C:\Users\20232754\AppData\Local\Programs\Python\Python311\Lib\site-packages\sklearn\gaussian_process\kernels.py:452: ConvergenceWarning: The optimal value found for dimension 3 of parameter k1__k2__length_scale is close to the specified upper bound 1000.0. Increasing the bound and calling fit again may find a better value.
  warnings.warn(
seed0 active   n=180  relL2=0.0169  S11dB=0.228  (27.4s)
seed0 random   n= 30  relL2=0.0434  S11dB=0.426  (1.0s)
C:\Users\20232754\AppData\Local\Programs\Python\Python311\Lib\site-packages\sklearn\gaussian_process\kernels.py:452: ConvergenceWarning: The optimal value found for dimension 1 of parameter k1__k2__length_scale is close to the specified upper bound 1000.0. Increasing the bound and calling fit again may find a better value.
  warnings.warn(
C:\Users\20232754\AppData\Local\Programs\Python\Python311\Lib\site-packages\sklearn\gaussian_process\kernels.py:452: ConvergenceWarning: The optimal value found for dimension 2 of parameter k1__k2__length_scale is close to the specified upper bound 1000.0. Increasing the bound and calling fit again may find a better value.
  warnings.warn(
C:\Users\20232754\AppData\Local\Programs\Python\Python311\Lib\site-packages\sklearn\gaussian_process\kernels.py:452: ConvergenceWarning: The optimal value found for dimension 6 of parameter k1__k2__length_scale is close to the specified upper bound 1000.0. Increasing the bound and calling fit again may find a better value.
  warnings.warn(
seed0 random   n= 45  relL2=0.0417  S11dB=0.425  (2.6s)
C:\Users\20232754\AppData\Local\Programs\Python\Python311\Lib\site-packages\sklearn\gaussian_process\kernels.py:452: ConvergenceWarning: The optimal value found for dimension 2 of parameter k1__k2__length_scale is close to the specified upper bound 1000.0. Increasing the bound and calling fit again may find a better value.
  warnings.warn(
seed0 random   n= 60  relL2=0.0280  S11dB=0.324  (3.6s)
C:\Users\20232754\AppData\Local\Programs\Python\Python311\Lib\site-packages\sklearn\gaussian_process\kernels.py:452: ConvergenceWarning: The optimal value found for dimension 2 of parameter k1__k2__length_scale is close to the specified upper bound 1000.0. Increasing the bound and calling fit again may find a better value.
  warnings.warn(
seed0 random   n= 75  relL2=0.0233  S11dB=0.273  (4.4s)
seed0 random   n= 90  relL2=0.0239  S11dB=0.294  (6.4s)
C:\Users\20232754\AppData\Local\Programs\Python\Python311\Lib\site-packages\sklearn\gaussian_process\kernels.py:452: ConvergenceWarning: The optimal value found for dimension 2 of parameter k1__k2__length_scale is close to the specified upper bound 1000.0. Increasing the bound and calling fit again may find a better value.
  warnings.warn(
C:\Users\20232754\AppData\Local\Programs\Python\Python311\Lib\site-packages\sklearn\gaussian_process\kernels.py:452: ConvergenceWarning: The optimal value found for dimension 3 of parameter k1__k2__length_scale is close to the specified upper bound 1000.0. Increasing the bound and calling fit again may find a better value.
  warnings.warn(
seed0 random   n=105  relL2=0.0211  S11dB=0.264  (9.3s)
C:\Users\20232754\AppData\Local\Programs\Python\Python311\Lib\site-packages\sklearn\gaussian_process\kernels.py:452: ConvergenceWarning: The optimal value found for dimension 2 of parameter k1__k2__length_scale is close to the specified upper bound 1000.0. Increasing the bound and calling fit again may find a better value.
  warnings.warn(
seed0 random   n=120  relL2=0.0203  S11dB=0.263  (11.3s)
C:\Users\20232754\AppData\Local\Programs\Python\Python311\Lib\site-packages\sklearn\gaussian_process\kernels.py:452: ConvergenceWarning: The optimal value found for dimension 1 of parameter k1__k2__length_scale is close to the specified upper bound 1000.0. Increasing the bound and calling fit again may find a better value.
  warnings.warn(
C:\Users\20232754\AppData\Local\Programs\Python\Python311\Lib\site-packages\sklearn\gaussian_process\kernels.py:452: ConvergenceWarning: The optimal value found for dimension 2 of parameter k1__k2__length_scale is close to the specified upper bound 1000.0. Increasing the bound and calling fit again may find a better value.
  warnings.warn(
seed0 random   n=135  relL2=0.0195  S11dB=0.259  (14.4s)
C:\Users\20232754\AppData\Local\Programs\Python\Python311\Lib\site-packages\sklearn\gaussian_process\kernels.py:452: ConvergenceWarning: The optimal value found for dimension 2 of parameter k1__k2__length_scale is close to the specified upper bound 1000.0. Increasing the bound and calling fit again may find a better value.
  warnings.warn(
seed0 random   n=150  relL2=0.0191  S11dB=0.258  (22.4s)
C:\Users\20232754\AppData\Local\Programs\Python\Python311\Lib\site-packages\sklearn\gaussian_process\kernels.py:452: ConvergenceWarning: The optimal value found for dimension 1 of parameter k1__k2__length_scale is close to the specified upper bound 1000.0. Increasing the bound and calling fit again may find a better value.
  warnings.warn(
C:\Users\20232754\AppData\Local\Programs\Python\Python311\Lib\site-packages\sklearn\gaussian_process\kernels.py:452: ConvergenceWarning: The optimal value found for dimension 2 of parameter k1__k2__length_scale is close to the specified upper bound 1000.0. Increasing the bound and calling fit again may find a better value.
  warnings.warn(
seed0 random   n=165  relL2=0.0185  S11dB=0.248  (32.0s)
C:\Users\20232754\AppData\Local\Programs\Python\Python311\Lib\site-packages\sklearn\gaussian_process\kernels.py:452: ConvergenceWarning: The optimal value found for dimension 1 of parameter k1__k2__length_scale is close to the specified upper bound 1000.0. Increasing the bound and calling fit again may find a better value.
  warnings.warn(
C:\Users\20232754\AppData\Local\Programs\Python\Python311\Lib\site-packages\sklearn\gaussian_process\kernels.py:452: ConvergenceWarning: The optimal value found for dimension 2 of parameter k1__k2__length_scale is close to the specified upper bound 1000.0. Increasing the bound and calling fit again may find a better value.
  warnings.warn(
seed0 random   n=180  relL2=0.0186  S11dB=0.247  (28.8s)
C:\Users\20232754\Huawei-italy\research\vecfit.py:26: UserWarning: The fitted network is passive, but the vector fit is not passive. Consider running `passivity_enforce()` to enforce passivity before using this model.
  vf.vector_fit(n_poles_real=n_real, n_poles_cmplx=n_cmplx, init_pole_spacing='lin')
seed1 active   n= 30  relL2=0.0452  S11dB=0.494  (0.6s)
C:\Users\20232754\AppData\Local\Programs\Python\Python311\Lib\site-packages\sklearn\gaussian_process\kernels.py:452: ConvergenceWarning: The optimal value found for dimension 2 of parameter k1__k2__length_scale is close to the specified upper bound 1000.0. Increasing the bound and calling fit again may find a better value.
  warnings.warn(
C:\Users\20232754\AppData\Local\Programs\Python\Python311\Lib\site-packages\sklearn\gaussian_process\kernels.py:452: ConvergenceWarning: The optimal value found for dimension 6 of parameter k1__k2__length_scale is close to the specified upper bound 1000.0. Increasing the bound and calling fit again may find a better value.
  warnings.warn(
seed1 active   n= 45  relL2=0.0382  S11dB=0.430  (2.4s)
C:\Users\20232754\AppData\Local\Programs\Python\Python311\Lib\site-packages\sklearn\gaussian_process\kernels.py:452: ConvergenceWarning: The optimal value found for dimension 2 of parameter k1__k2__length_scale is close to the specified upper bound 1000.0. Increasing the bound and calling fit again may find a better value.
  warnings.warn(
seed1 active   n= 60  relL2=0.0355  S11dB=0.390  (10.8s)
C:\Users\20232754\AppData\Local\Programs\Python\Python311\Lib\site-packages\sklearn\gaussian_process\kernels.py:452: ConvergenceWarning: The optimal value found for dimension 2 of parameter k1__k2__length_scale is close to the specified upper bound 1000.0. Increasing the bound and calling fit again may find a better value.
  warnings.warn(
seed1 active   n= 75  relL2=0.0248  S11dB=0.279  (14.6s)
C:\Users\20232754\AppData\Local\Programs\Python\Python311\Lib\site-packages\sklearn\gaussian_process\kernels.py:452: ConvergenceWarning: The optimal value found for dimension 1 of parameter k1__k2__length_scale is close to the specified upper bound 1000.0. Increasing the bound and calling fit again may find a better value.
  warnings.warn(
C:\Users\20232754\AppData\Local\Programs\Python\Python311\Lib\site-packages\sklearn\gaussian_process\kernels.py:452: ConvergenceWarning: The optimal value found for dimension 2 of parameter k1__k2__length_scale is close to the specified upper bound 1000.0. Increasing the bound and calling fit again may find a better value.
  warnings.warn(
seed1 active   n= 90  relL2=0.0219  S11dB=0.257  (22.1s)
C:\Users\20232754\AppData\Local\Programs\Python\Python311\Lib\site-packages\sklearn\gaussian_process\kernels.py:452: ConvergenceWarning: The optimal value found for dimension 1 of parameter k1__k2__length_scale is close to the specified upper bound 1000.0. Increasing the bound and calling fit again may find a better value.
  warnings.warn(
C:\Users\20232754\AppData\Local\Programs\Python\Python311\Lib\site-packages\sklearn\gaussian_process\kernels.py:452: ConvergenceWarning: The optimal value found for dimension 2 of parameter k1__k2__length_scale is close to the specified upper bound 1000.0. Increasing the bound and calling fit again may find a better value.
  warnings.warn(
seed1 active   n=105  relL2=0.0206  S11dB=0.254  (20.1s)
C:\Users\20232754\AppData\Local\Programs\Python\Python311\Lib\site-packages\sklearn\gaussian_process\kernels.py:452: ConvergenceWarning: The optimal value found for dimension 1 of parameter k1__k2__length_scale is close to the specified upper bound 1000.0. Increasing the bound and calling fit again may find a better value.
  warnings.warn(
C:\Users\20232754\AppData\Local\Programs\Python\Python311\Lib\site-packages\sklearn\gaussian_process\kernels.py:452: ConvergenceWarning: The optimal value found for dimension 2 of parameter k1__k2__length_scale is close to the specified upper bound 1000.0. Increasing the bound and calling fit again may find a better value.
  warnings.warn(
seed1 active   n=120  relL2=0.0189  S11dB=0.242  (30.3s)
C:\Users\20232754\AppData\Local\Programs\Python\Python311\Lib\site-packages\sklearn\gaussian_process\kernels.py:452: ConvergenceWarning: The optimal value found for dimension 1 of parameter k1__k2__length_scale is close to the specified upper bound 1000.0. Increasing the bound and calling fit again may find a better value.
  warnings.warn(
C:\Users\20232754\AppData\Local\Programs\Python\Python311\Lib\site-packages\sklearn\gaussian_process\kernels.py:452: ConvergenceWarning: The optimal value found for dimension 2 of parameter k1__k2__length_scale is close to the specified upper bound 1000.0. Increasing the bound and calling fit again may find a better value.
  warnings.warn(
C:\Users\20232754\AppData\Local\Programs\Python\Python311\Lib\site-packages\sklearn\gaussian_process\kernels.py:452: ConvergenceWarning: The optimal value found for dimension 3 of parameter k1__k2__length_scale is close to the specified upper bound 1000.0. Increasing the bound and calling fit again may find a better value.
  warnings.warn(
seed1 active   n=135  relL2=0.0182  S11dB=0.234  (37.5s)
C:\Users\20232754\AppData\Local\Programs\Python\Python311\Lib\site-packages\sklearn\gaussian_process\kernels.py:452: ConvergenceWarning: The optimal value found for dimension 2 of parameter k1__k2__length_scale is close to the specified upper bound 1000.0. Increasing the bound and calling fit again may find a better value.
  warnings.warn(
C:\Users\20232754\AppData\Local\Programs\Python\Python311\Lib\site-packages\sklearn\gaussian_process\kernels.py:452: ConvergenceWarning: The optimal value found for dimension 3 of parameter k1__k2__length_scale is close to the specified upper bound 1000.0. Increasing the bound and calling fit again may find a better value.
  warnings.warn(
seed1 active   n=150  relL2=0.0177  S11dB=0.227  (40.5s)
C:\Users\20232754\AppData\Local\Programs\Python\Python311\Lib\site-packages\sklearn\gaussian_process\kernels.py:452: ConvergenceWarning: The optimal value found for dimension 1 of parameter k1__k2__length_scale is close to the specified upper bound 1000.0. Increasing the bound and calling fit again may find a better value.
  warnings.warn(
C:\Users\20232754\AppData\Local\Programs\Python\Python311\Lib\site-packages\sklearn\gaussian_process\kernels.py:452: ConvergenceWarning: The optimal value found for dimension 2 of parameter k1__k2__length_scale is close to the specified upper bound 1000.0. Increasing the bound and calling fit again may find a better value.
  warnings.warn(
C:\Users\20232754\AppData\Local\Programs\Python\Python311\Lib\site-packages\sklearn\gaussian_process\kernels.py:452: ConvergenceWarning: The optimal value found for dimension 3 of parameter k1__k2__length_scale is close to the specified upper bound 1000.0. Increasing the bound and calling fit again may find a better value.
  warnings.warn(
seed1 active   n=165  relL2=0.0174  S11dB=0.228  (54.4s)
C:\Users\20232754\AppData\Local\Programs\Python\Python311\Lib\site-packages\sklearn\gaussian_process\kernels.py:452: ConvergenceWarning: The optimal value found for dimension 2 of parameter k1__k2__length_scale is close to the specified upper bound 1000.0. Increasing the bound and calling fit again may find a better value.
  warnings.warn(
C:\Users\20232754\AppData\Local\Programs\Python\Python311\Lib\site-packages\sklearn\gaussian_process\kernels.py:452: ConvergenceWarning: The optimal value found for dimension 3 of parameter k1__k2__length_scale is close to the specified upper bound 1000.0. Increasing the bound and calling fit again may find a better value.
  warnings.warn(
seed1 active   n=180  relL2=0.0172  S11dB=0.226  (68.5s)
seed1 random   n= 30  relL2=0.0452  S11dB=0.494  (1.7s)
seed1 random   n= 45  relL2=0.0333  S11dB=0.371  (4.8s)
seed1 random   n= 60  relL2=0.0281  S11dB=0.336  (7.3s)
C:\Users\20232754\AppData\Local\Programs\Python\Python311\Lib\site-packages\sklearn\gaussian_process\kernels.py:452: ConvergenceWarning: The optimal value found for dimension 1 of parameter k1__k2__length_scale is close to the specified upper bound 1000.0. Increasing the bound and calling fit again may find a better value.
  warnings.warn(
C:\Users\20232754\AppData\Local\Programs\Python\Python311\Lib\site-packages\sklearn\gaussian_process\kernels.py:452: ConvergenceWarning: The optimal value found for dimension 2 of parameter k1__k2__length_scale is close to the specified upper bound 1000.0. Increasing the bound and calling fit again may find a better value.
  warnings.warn(
C:\Users\20232754\AppData\Local\Programs\Python\Python311\Lib\site-packages\sklearn\gaussian_process\kernels.py:452: ConvergenceWarning: The optimal value found for dimension 3 of parameter k1__k2__length_scale is close to the specified upper bound 1000.0. Increasing the bound and calling fit again may find a better value.
  warnings.warn(
seed1 random   n= 75  relL2=0.0256  S11dB=0.303  (11.3s)
seed1 random   n= 90  relL2=0.0265  S11dB=0.325  (12.7s)
C:\Users\20232754\AppData\Local\Programs\Python\Python311\Lib\site-packages\sklearn\gaussian_process\kernels.py:452: ConvergenceWarning: The optimal value found for dimension 1 of parameter k1__k2__length_scale is close to the specified upper bound 1000.0. Increasing the bound and calling fit again may find a better value.
  warnings.warn(
C:\Users\20232754\AppData\Local\Programs\Python\Python311\Lib\site-packages\sklearn\gaussian_process\kernels.py:452: ConvergenceWarning: The optimal value found for dimension 2 of parameter k1__k2__length_scale is close to the specified upper bound 1000.0. Increasing the bound and calling fit again may find a better value.
  warnings.warn(
seed1 random   n=105  relL2=0.0211  S11dB=0.274  (20.5s)
seed1 random   n=120  relL2=0.0236  S11dB=0.318  (17.8s)
C:\Users\20232754\AppData\Local\Programs\Python\Python311\Lib\site-packages\sklearn\gaussian_process\kernels.py:452: ConvergenceWarning: The optimal value found for dimension 2 of parameter k1__k2__length_scale is close to the specified upper bound 1000.0. Increasing the bound and calling fit again may find a better value.
  warnings.warn(
C:\Users\20232754\AppData\Local\Programs\Python\Python311\Lib\site-packages\sklearn\gaussian_process\kernels.py:452: ConvergenceWarning: The optimal value found for dimension 3 of parameter k1__k2__length_scale is close to the specified upper bound 1000.0. Increasing the bound and calling fit again may find a better value.
  warnings.warn(
seed1 random   n=135  relL2=0.0188  S11dB=0.252  (40.8s)
C:\Users\20232754\AppData\Local\Programs\Python\Python311\Lib\site-packages\sklearn\gaussian_process\kernels.py:452: ConvergenceWarning: The optimal value found for dimension 3 of parameter k1__k2__length_scale is close to the specified upper bound 1000.0. Increasing the bound and calling fit again may find a better value.
  warnings.warn(
seed1 random   n=150  relL2=0.0180  S11dB=0.243  (47.4s)
C:\Users\20232754\AppData\Local\Programs\Python\Python311\Lib\site-packages\sklearn\gaussian_process\kernels.py:452: ConvergenceWarning: The optimal value found for dimension 1 of parameter k1__k2__length_scale is close to the specified upper bound 1000.0. Increasing the bound and calling fit again may find a better value.
  warnings.warn(
C:\Users\20232754\AppData\Local\Programs\Python\Python311\Lib\site-packages\sklearn\gaussian_process\kernels.py:452: ConvergenceWarning: The optimal value found for dimension 3 of parameter k1__k2__length_scale is close to the specified upper bound 1000.0. Increasing the bound and calling fit again may find a better value.
  warnings.warn(
seed1 random   n=165  relL2=0.0174  S11dB=0.239  (37.4s)
C:\Users\20232754\AppData\Local\Programs\Python\Python311\Lib\site-packages\sklearn\gaussian_process\kernels.py:452: ConvergenceWarning: The optimal value found for dimension 3 of parameter k1__k2__length_scale is close to the specified upper bound 1000.0. Increasing the bound and calling fit again may find a better value.
  warnings.warn(
seed1 random   n=180  relL2=0.0171  S11dB=0.237  (57.5s)
C:\Users\20232754\Huawei-italy\research\vecfit.py:26: UserWarning: The fitted network is passive, but the vector fit is not passive. Consider running `passivity_enforce()` to enforce passivity before using this model.
  vf.vector_fit(n_poles_real=n_real, n_poles_cmplx=n_cmplx, init_pole_spacing='lin')
C:\Users\20232754\AppData\Local\Programs\Python\Python311\Lib\site-packages\sklearn\gaussian_process\kernels.py:452: ConvergenceWarning: The optimal value found for dimension 2 of parameter k1__k2__length_scale is close to the specified upper bound 1000.0. Increasing the bound and calling fit again may find a better value.
  warnings.warn(
C:\Users\20232754\AppData\Local\Programs\Python\Python311\Lib\site-packages\sklearn\gaussian_process\kernels.py:452: ConvergenceWarning: The optimal value found for dimension 3 of parameter k1__k2__length_scale is close to the specified upper bound 1000.0. Increasing the bound and calling fit again may find a better value.
  warnings.warn(
C:\Users\20232754\AppData\Local\Programs\Python\Python311\Lib\site-packages\sklearn\gaussian_process\kernels.py:452: ConvergenceWarning: The optimal value found for dimension 4 of parameter k1__k2__length_scale is close to the specified upper bound 1000.0. Increasing the bound and calling fit again may find a better value.
  warnings.warn(
seed2 active   n= 30  relL2=0.0449  S11dB=0.520  (3.1s)
C:\Users\20232754\AppData\Local\Programs\Python\Python311\Lib\site-packages\sklearn\gaussian_process\kernels.py:452: ConvergenceWarning: The optimal value found for dimension 1 of parameter k1__k2__length_scale is close to the specified upper bound 1000.0. Increasing the bound and calling fit again may find a better value.
  warnings.warn(
C:\Users\20232754\AppData\Local\Programs\Python\Python311\Lib\site-packages\sklearn\gaussian_process\kernels.py:452: ConvergenceWarning: The optimal value found for dimension 2 of parameter k1__k2__length_scale is close to the specified upper bound 1000.0. Increasing the bound and calling fit again may find a better value.
  warnings.warn(
seed2 active   n= 45  relL2=0.0390  S11dB=0.437  (6.0s)
C:\Users\20232754\AppData\Local\Programs\Python\Python311\Lib\site-packages\sklearn\gaussian_process\kernels.py:452: ConvergenceWarning: The optimal value found for dimension 1 of parameter k1__k2__length_scale is close to the specified upper bound 1000.0. Increasing the bound and calling fit again may find a better value.
  warnings.warn(
C:\Users\20232754\AppData\Local\Programs\Python\Python311\Lib\site-packages\sklearn\gaussian_process\kernels.py:452: ConvergenceWarning: The optimal value found for dimension 2 of parameter k1__k2__length_scale is close to the specified upper bound 1000.0. Increasing the bound and calling fit again may find a better value.
  warnings.warn(
seed2 active   n= 60  relL2=0.0342  S11dB=0.386  (9.8s)
seed2 active   n= 75  relL2=0.0241  S11dB=0.287  (11.3s)
C:\Users\20232754\AppData\Local\Programs\Python\Python311\Lib\site-packages\sklearn\gaussian_process\kernels.py:452: ConvergenceWarning: The optimal value found for dimension 1 of parameter k1__k2__length_scale is close to the specified upper bound 1000.0. Increasing the bound and calling fit again may find a better value.
  warnings.warn(
C:\Users\20232754\AppData\Local\Programs\Python\Python311\Lib\site-packages\sklearn\gaussian_process\kernels.py:452: ConvergenceWarning: The optimal value found for dimension 2 of parameter k1__k2__length_scale is close to the specified upper bound 1000.0. Increasing the bound and calling fit again may find a better value.
  warnings.warn(
C:\Users\20232754\AppData\Local\Programs\Python\Python311\Lib\site-packages\sklearn\gaussian_process\kernels.py:452: ConvergenceWarning: The optimal value found for dimension 3 of parameter k1__k2__length_scale is close to the specified upper bound 1000.0. Increasing the bound and calling fit again may find a better value.
  warnings.warn(
seed2 active   n= 90  relL2=0.0217  S11dB=0.264  (19.5s)
C:\Users\20232754\AppData\Local\Programs\Python\Python311\Lib\site-packages\sklearn\gaussian_process\kernels.py:452: ConvergenceWarning: The optimal value found for dimension 1 of parameter k1__k2__length_scale is close to the specified upper bound 1000.0. Increasing the bound and calling fit again may find a better value.
  warnings.warn(
C:\Users\20232754\AppData\Local\Programs\Python\Python311\Lib\site-packages\sklearn\gaussian_process\kernels.py:452: ConvergenceWarning: The optimal value found for dimension 2 of parameter k1__k2__length_scale is close to the specified upper bound 1000.0. Increasing the bound and calling fit again may find a better value.
  warnings.warn(
C:\Users\20232754\AppData\Local\Programs\Python\Python311\Lib\site-packages\sklearn\gaussian_process\kernels.py:452: ConvergenceWarning: The optimal value found for dimension 3 of parameter k1__k2__length_scale is close to the specified upper bound 1000.0. Increasing the bound and calling fit again may find a better value.
  warnings.warn(
seed2 active   n=105  relL2=0.0184  S11dB=0.242  (20.6s)
C:\Users\20232754\AppData\Local\Programs\Python\Python311\Lib\site-packages\sklearn\gaussian_process\kernels.py:452: ConvergenceWarning: The optimal value found for dimension 1 of parameter k1__k2__length_scale is close to the specified upper bound 1000.0. Increasing the bound and calling fit again may find a better value.
  warnings.warn(
C:\Users\20232754\AppData\Local\Programs\Python\Python311\Lib\site-packages\sklearn\gaussian_process\kernels.py:452: ConvergenceWarning: The optimal value found for dimension 2 of parameter k1__k2__length_scale is close to the specified upper bound 1000.0. Increasing the bound and calling fit again may find a better value.
  warnings.warn(
seed2 active   n=120  relL2=0.0181  S11dB=0.237  (27.2s)
C:\Users\20232754\AppData\Local\Programs\Python\Python311\Lib\site-packages\sklearn\gaussian_process\kernels.py:452: ConvergenceWarning: The optimal value found for dimension 1 of parameter k1__k2__length_scale is close to the specified upper bound 1000.0. Increasing the bound and calling fit again may find a better value.
  warnings.warn(
seed2 active   n=135  relL2=0.0171  S11dB=0.231  (32.4s)
C:\Users\20232754\AppData\Local\Programs\Python\Python311\Lib\site-packages\sklearn\gaussian_process\kernels.py:452: ConvergenceWarning: The optimal value found for dimension 1 of parameter k1__k2__length_scale is close to the specified upper bound 1000.0. Increasing the bound and calling fit again may find a better value.
  warnings.warn(
seed2 active   n=150  relL2=0.0168  S11dB=0.227  (42.3s)
C:\Users\20232754\AppData\Local\Programs\Python\Python311\Lib\site-packages\sklearn\gaussian_process\kernels.py:452: ConvergenceWarning: The optimal value found for dimension 1 of parameter k1__k2__length_scale is close to the specified upper bound 1000.0. Increasing the bound and calling fit again may find a better value.
  warnings.warn(
C:\Users\20232754\AppData\Local\Programs\Python\Python311\Lib\site-packages\sklearn\gaussian_process\kernels.py:452: ConvergenceWarning: The optimal value found for dimension 2 of parameter k1__k2__length_scale is close to the specified upper bound 1000.0. Increasing the bound and calling fit again may find a better value.
  warnings.warn(
seed2 active   n=165  relL2=0.0165  S11dB=0.226  (54.2s)
C:\Users\20232754\AppData\Local\Programs\Python\Python311\Lib\site-packages\sklearn\gaussian_process\kernels.py:452: ConvergenceWarning: The optimal value found for dimension 1 of parameter k1__k2__length_scale is close to the specified upper bound 1000.0. Increasing the bound and calling fit again may find a better value.
  warnings.warn(
seed2 active   n=180  relL2=0.0165  S11dB=0.228  (25.9s)
C:\Users\20232754\AppData\Local\Programs\Python\Python311\Lib\site-packages\sklearn\gaussian_process\kernels.py:452: ConvergenceWarning: The optimal value found for dimension 2 of parameter k1__k2__length_scale is close to the specified upper bound 1000.0. Increasing the bound and calling fit again may find a better value.
  warnings.warn(
C:\Users\20232754\AppData\Local\Programs\Python\Python311\Lib\site-packages\sklearn\gaussian_process\kernels.py:452: ConvergenceWarning: The optimal value found for dimension 3 of parameter k1__k2__length_scale is close to the specified upper bound 1000.0. Increasing the bound and calling fit again may find a better value.
  warnings.warn(
C:\Users\20232754\AppData\Local\Programs\Python\Python311\Lib\site-packages\sklearn\gaussian_process\kernels.py:452: ConvergenceWarning: The optimal value found for dimension 4 of parameter k1__k2__length_scale is close to the specified upper bound 1000.0. Increasing the bound and calling fit again may find a better value.
  warnings.warn(
seed2 random   n= 30  relL2=0.0449  S11dB=0.520  (1.3s)
C:\Users\20232754\AppData\Local\Programs\Python\Python311\Lib\site-packages\sklearn\gaussian_process\kernels.py:452: ConvergenceWarning: The optimal value found for dimension 2 of parameter k1__k2__length_scale is close to the specified upper bound 1000.0. Increasing the bound and calling fit again may find a better value.
  warnings.warn(
seed2 random   n= 45  relL2=0.0354  S11dB=0.416  (1.9s)
C:\Users\20232754\AppData\Local\Programs\Python\Python311\Lib\site-packages\sklearn\gaussian_process\kernels.py:452: ConvergenceWarning: The optimal value found for dimension 1 of parameter k1__k2__length_scale is close to the specified upper bound 1000.0. Increasing the bound and calling fit again may find a better value.
  warnings.warn(
C:\Users\20232754\AppData\Local\Programs\Python\Python311\Lib\site-packages\sklearn\gaussian_process\kernels.py:452: ConvergenceWarning: The optimal value found for dimension 2 of parameter k1__k2__length_scale is close to the specified upper bound 1000.0. Increasing the bound and calling fit again may find a better value.
  warnings.warn(
C:\Users\20232754\AppData\Local\Programs\Python\Python311\Lib\site-packages\sklearn\gaussian_process\kernels.py:452: ConvergenceWarning: The optimal value found for dimension 3 of parameter k1__k2__length_scale is close to the specified upper bound 1000.0. Increasing the bound and calling fit again may find a better value.
  warnings.warn(
C:\Users\20232754\AppData\Local\Programs\Python\Python311\Lib\site-packages\sklearn\gaussian_process\kernels.py:452: ConvergenceWarning: The optimal value found for dimension 6 of parameter k1__k2__length_scale is close to the specified upper bound 1000.0. Increasing the bound and calling fit again may find a better value.
  warnings.warn(
seed2 random   n= 60  relL2=0.0285  S11dB=0.336  (2.9s)
C:\Users\20232754\AppData\Local\Programs\Python\Python311\Lib\site-packages\sklearn\gaussian_process\kernels.py:452: ConvergenceWarning: The optimal value found for dimension 1 of parameter k1__k2__length_scale is close to the specified upper bound 1000.0. Increasing the bound and calling fit again may find a better value.
  warnings.warn(
C:\Users\20232754\AppData\Local\Programs\Python\Python311\Lib\site-packages\sklearn\gaussian_process\kernels.py:452: ConvergenceWarning: The optimal value found for dimension 2 of parameter k1__k2__length_scale is close to the specified upper bound 1000.0. Increasing the bound and calling fit again may find a better value.
  warnings.warn(
C:\Users\20232754\AppData\Local\Programs\Python\Python311\Lib\site-packages\sklearn\gaussian_process\kernels.py:452: ConvergenceWarning: The optimal value found for dimension 3 of parameter k1__k2__length_scale is close to the specified upper bound 1000.0. Increasing the bound and calling fit again may find a better value.
  warnings.warn(
seed2 random   n= 75  relL2=0.0246  S11dB=0.301  (5.4s)
C:\Users\20232754\AppData\Local\Programs\Python\Python311\Lib\site-packages\sklearn\gaussian_process\kernels.py:452: ConvergenceWarning: The optimal value found for dimension 3 of parameter k1__k2__length_scale is close to the specified upper bound 1000.0. Increasing the bound and calling fit again may find a better value.
  warnings.warn(
seed2 random   n= 90  relL2=0.0211  S11dB=0.278  (6.7s)
C:\Users\20232754\AppData\Local\Programs\Python\Python311\Lib\site-packages\sklearn\gaussian_process\kernels.py:452: ConvergenceWarning: The optimal value found for dimension 1 of parameter k1__k2__length_scale is close to the specified upper bound 1000.0. Increasing the bound and calling fit again may find a better value.
  warnings.warn(
C:\Users\20232754\AppData\Local\Programs\Python\Python311\Lib\site-packages\sklearn\gaussian_process\kernels.py:452: ConvergenceWarning: The optimal value found for dimension 3 of parameter k1__k2__length_scale is close to the specified upper bound 1000.0. Increasing the bound and calling fit again may find a better value.
  warnings.warn(
seed2 random   n=105  relL2=0.0203  S11dB=0.264  (9.8s)
C:\Users\20232754\AppData\Local\Programs\Python\Python311\Lib\site-packages\sklearn\gaussian_process\kernels.py:452: ConvergenceWarning: The optimal value found for dimension 1 of parameter k1__k2__length_scale is close to the specified upper bound 1000.0. Increasing the bound and calling fit again may find a better value.
  warnings.warn(
C:\Users\20232754\AppData\Local\Programs\Python\Python311\Lib\site-packages\sklearn\gaussian_process\kernels.py:452: ConvergenceWarning: The optimal value found for dimension 3 of parameter k1__k2__length_scale is close to the specified upper bound 1000.0. Increasing the bound and calling fit again may find a better value.
  warnings.warn(
seed2 random   n=120  relL2=0.0200  S11dB=0.266  (10.8s)
C:\Users\20232754\AppData\Local\Programs\Python\Python311\Lib\site-packages\sklearn\gaussian_process\kernels.py:452: ConvergenceWarning: The optimal value found for dimension 1 of parameter k1__k2__length_scale is close to the specified upper bound 1000.0. Increasing the bound and calling fit again may find a better value.
  warnings.warn(
C:\Users\20232754\AppData\Local\Programs\Python\Python311\Lib\site-packages\sklearn\gaussian_process\kernels.py:452: ConvergenceWarning: The optimal value found for dimension 3 of parameter k1__k2__length_scale is close to the specified upper bound 1000.0. Increasing the bound and calling fit again may find a better value.
  warnings.warn(
seed2 random   n=135  relL2=0.0192  S11dB=0.265  (14.8s)
C:\Users\20232754\AppData\Local\Programs\Python\Python311\Lib\site-packages\sklearn\gaussian_process\kernels.py:452: ConvergenceWarning: The optimal value found for dimension 1 of parameter k1__k2__length_scale is close to the specified upper bound 1000.0. Increasing the bound and calling fit again may find a better value.
  warnings.warn(
C:\Users\20232754\AppData\Local\Programs\Python\Python311\Lib\site-packages\sklearn\gaussian_process\kernels.py:452: ConvergenceWarning: The optimal value found for dimension 3 of parameter k1__k2__length_scale is close to the specified upper bound 1000.0. Increasing the bound and calling fit again may find a better value.
  warnings.warn(
seed2 random   n=150  relL2=0.0188  S11dB=0.260  (19.7s)
C:\Users\20232754\AppData\Local\Programs\Python\Python311\Lib\site-packages\sklearn\gaussian_process\kernels.py:452: ConvergenceWarning: The optimal value found for dimension 1 of parameter k1__k2__length_scale is close to the specified upper bound 1000.0. Increasing the bound and calling fit again may find a better value.
  warnings.warn(
C:\Users\20232754\AppData\Local\Programs\Python\Python311\Lib\site-packages\sklearn\gaussian_process\kernels.py:452: ConvergenceWarning: The optimal value found for dimension 3 of parameter k1__k2__length_scale is close to the specified upper bound 1000.0. Increasing the bound and calling fit again may find a better value.
  warnings.warn(
seed2 random   n=165  relL2=0.0185  S11dB=0.251  (18.7s)
C:\Users\20232754\AppData\Local\Programs\Python\Python311\Lib\site-packages\sklearn\gaussian_process\kernels.py:452: ConvergenceWarning: The optimal value found for dimension 1 of parameter k1__k2__length_scale is close to the specified upper bound 1000.0. Increasing the bound and calling fit again may find a better value.
  warnings.warn(
C:\Users\20232754\AppData\Local\Programs\Python\Python311\Lib\site-packages\sklearn\gaussian_process\kernels.py:452: ConvergenceWarning: The optimal value found for dimension 3 of parameter k1__k2__length_scale is close to the specified upper bound 1000.0. Increasing the bound and calling fit again may find a better value.
  warnings.warn(
seed2 random   n=180  relL2=0.0177  S11dB=0.243  (24.0s)
saved results_active_learning.json
