split0 n=  60 raw-MLP        relL2=0.0303 S11dB=0.358 viol=0.000 maxsig=0.9795 train=41.4s
split0 n=  60 pca-MLP        relL2=0.0381 S11dB=0.444 viol=0.000 maxsig=0.9802 train=34.4s
split0 n= 120 raw-MLP        relL2=0.0254 S11dB=0.311 viol=0.000 maxsig=0.9748 train=42.4s
split0 n= 120 pca-MLP        relL2=0.0305 S11dB=0.347 viol=0.000 maxsig=0.9726 train=40.2s
split0 n= 120 pca-MLP+soft   relL2=0.0305 S11dB=0.347 viol=0.000 maxsig=0.9726 train=627.4s
split0 n= 120 pca-MLP+hard   relL2=0.0305 S11dB=0.347 viol=0.000 maxsig=0.9726 train=618.9s
split0 n= 240 raw-MLP        relL2=0.0234 S11dB=0.309 viol=0.000 maxsig=0.9767 train=37.8s
split0 n= 240 pca-MLP        relL2=0.0276 S11dB=0.334 viol=0.000 maxsig=0.9747 train=16.3s
split0 n= 400 raw-MLP        relL2=0.0213 S11dB=0.276 viol=0.000 maxsig=0.9809 train=38.4s
split0 n= 400 pca-MLP        relL2=0.0249 S11dB=0.313 viol=0.000 maxsig=0.9691 train=35.9s
split1 n=  60 raw-MLP        relL2=0.0307 S11dB=0.378 viol=0.000 maxsig=0.9857 train=26.4s
split1 n=  60 pca-MLP        relL2=0.0346 S11dB=0.401 viol=0.000 maxsig=0.9827 train=6.2s
split1 n= 120 raw-MLP        relL2=0.0246 S11dB=0.297 viol=0.000 maxsig=0.9795 train=6.4s
split1 n= 120 pca-MLP        relL2=0.0287 S11dB=0.337 viol=0.000 maxsig=0.9824 train=6.6s
split1 n= 120 pca-MLP+soft   relL2=0.0287 S11dB=0.337 viol=0.000 maxsig=0.9826 train=558.4s
split1 n= 120 pca-MLP+hard   relL2=0.0287 S11dB=0.338 viol=0.000 maxsig=0.9825 train=532.2s
split1 n= 240 raw-MLP        relL2=0.0215 S11dB=0.297 viol=0.000 maxsig=0.9747 train=15.8s
split1 n= 240 pca-MLP        relL2=0.0261 S11dB=0.315 viol=0.000 maxsig=0.9715 train=14.1s
split1 n= 400 raw-MLP        relL2=0.0206 S11dB=0.294 viol=0.000 maxsig=0.9817 train=15.3s
split1 n= 400 pca-MLP        relL2=0.0238 S11dB=0.292 viol=0.000 maxsig=0.9711 train=14.9s
split2 n=  60 raw-MLP        relL2=0.0317 S11dB=0.372 viol=0.000 maxsig=0.9773 train=15.7s
split2 n=  60 pca-MLP        relL2=0.0338 S11dB=0.410 viol=0.000 maxsig=0.9789 train=16.3s
split2 n= 120 raw-MLP        relL2=0.0241 S11dB=0.326 viol=0.000 maxsig=0.9761 train=16.4s
split2 n= 120 pca-MLP        relL2=0.0297 S11dB=0.359 viol=0.000 maxsig=0.9687 train=15.4s
split2 n= 240 raw-MLP        relL2=0.0219 S11dB=0.299 viol=0.000 maxsig=0.9735 train=16.0s
split2 n= 240 pca-MLP        relL2=0.0266 S11dB=0.337 viol=0.000 maxsig=0.9714 train=15.3s
split2 n= 400 raw-MLP        relL2=0.0210 S11dB=0.301 viol=0.000 maxsig=0.9726 train=15.9s
split2 n= 400 pca-MLP        relL2=0.0247 S11dB=0.329 viol=0.000 maxsig=0.9688 train=16.1s
split3 n=  60 raw-MLP        relL2=0.0274 S11dB=0.333 viol=0.000 maxsig=0.9740 train=16.0s
split3 n=  60 pca-MLP        relL2=0.0334 S11dB=0.384 viol=0.000 maxsig=0.9731 train=15.2s
split3 n= 120 raw-MLP        relL2=0.0232 S11dB=0.296 viol=0.000 maxsig=0.9746 train=15.5s
split3 n= 120 pca-MLP        relL2=0.0295 S11dB=0.346 viol=0.000 maxsig=0.9712 train=15.6s
split3 n= 240 raw-MLP        relL2=0.0213 S11dB=0.274 viol=0.000 maxsig=0.9731 train=16.5s
split3 n= 240 pca-MLP        relL2=0.0262 S11dB=0.320 viol=0.000 maxsig=0.9679 train=15.6s
split3 n= 400 raw-MLP        relL2=0.0208 S11dB=0.281 viol=0.000 maxsig=0.9731 train=16.6s
split3 n= 400 pca-MLP        relL2=0.0224 S11dB=0.285 viol=0.000 maxsig=0.9719 train=15.7s
split4 n=  60 raw-MLP        relL2=0.0273 S11dB=0.348 viol=0.000 maxsig=0.9753 train=15.5s
split4 n=  60 pca-MLP        relL2=0.0336 S11dB=0.414 viol=0.000 maxsig=0.9718 train=15.0s
split4 n= 120 raw-MLP        relL2=0.0238 S11dB=0.297 viol=0.000 maxsig=0.9728 train=15.6s
split4 n= 120 pca-MLP        relL2=0.0274 S11dB=0.328 viol=0.000 maxsig=0.9676 train=15.6s
split4 n= 240 raw-MLP        relL2=0.0217 S11dB=0.293 viol=0.000 maxsig=0.9740 train=17.0s
split4 n= 240 pca-MLP        relL2=0.0251 S11dB=0.317 viol=0.000 maxsig=0.9683 train=19.2s
split4 n= 400 raw-MLP        relL2=0.0207 S11dB=0.288 viol=0.000 maxsig=0.9715 train=19.9s
split4 n= 400 pca-MLP        relL2=0.0242 S11dB=0.312 viol=0.000 maxsig=0.9664 train=21.0s
saved results_nn.json
